// Jest Snapshot v1, https://goo.gl/fbAQLP

exports[`Loading snapshot rending test renders correctly testing 1`] = `
<div
  className="loading"
>
  加载中...
</div>
`;
